- name: Fernando Pessoaâ€™s Disappearing Act
  url: https://www.newyorker.com/magazine/2017/09/04/fernando-pessoas-disappearing-act
  timestamp: "1679174385"
- name: 'Knightmare: A DevOps Cautionary Tale'
  url: https://dougseven.com/2014/04/17/knightmare-a-devops-cautionary-tale/
  timestamp: "1694613937"
- name: Love in Translation
  url: https://www.newyorker.com/magazine/2016/08/08/lauren-collins-learns-to-love-in-french
  timestamp: "1679174483"
