- id: eY-eyZuW_Uk
  timestamp: "2023-12-07T15:57:57+00:00"
  url: https://www.youtube.com/watch?v=eY-eyZuW_Uk
- id: 28tZ-S1LFok
  timestamp: "2023-12-07T18:08:55+00:00"
  url: https://www.youtube.com/watch?v=28tZ-S1LFok
- id: J9qja4KmPQQ
  timestamp: "2023-12-07T16:49:34+00:00"
  url: https://www.youtube.com/watch?v=J9qja4KmPQQ
