- name: Vivre Sa Vie
  year: "1962"
  url: https://boxd.it/28s6
  date: "2023-12-14"
- name: Mon Oncle
  year: "1958"
  url: https://boxd.it/2apy
  date: "2023-12-14"
- name: Days
  year: "2020"
  url: https://boxd.it/oEE8
  date: "2023-12-14"
