- name: Sans Soleil
  year: "1983"
  url: https://boxd.it/28B8
  date: "2021-12-14"
- name: Dekalog
  year: "1989"
  url: https://boxd.it/bv4u
  date: "2021-12-14"
- name: Blade Runner
  year: "1982"
  url: https://boxd.it/2bcA
  date: "2021-12-14"
