- name: Fallen Leaves
  year: "2023"
  url: https://boxd.it/5wluaZ
  date: "2024-01-07"
  rating: "4"
  review: Lorem Ipsum!
- name: Goodbye, Dragon Inn
  year: "2003"
  url: https://boxd.it/5E4WzB
  date: "2024-01-21"
  rating: "4"
  review: Lorem Ipsum!
- name: Pictures of Ghosts
  year: "2023"
  url: https://boxd.it/5FB5dd
  date: "2024-01-24"
  rating: "5"
  review: Lorem Ipsum!
