<!-- Basic template. Read https://gohugo.io/methods/site/data/ -->
<table>
  <tbody>
    {{ range sort .Site.Data.diego_letterboxd_films "name" }}
    <tr>
      <td>
	<strong>{{ .name }}</strong>
      </td>
      <td>
	{{ .year }}
      </td>
      <td>
	{{ .date }}
      </td>
      <td>
	<a href="{{ .url }}">Letterboxd</a>
      </td>
    </tr>
    {{ end }}
  </tbody>
</table>