- name: No Intenso Agora
  directors: Jo√£o Moreira Salles
  year: "2017"
  yourrating: "10"
  url: https://www.imdb.com/title/tt6532954/
  position: "1"
  const: tt6532954
  created: "2018-01-16"
  modified: "2018-01-16"
  description: ""
  titletype: movie
  imdbrating: "7.3"
  runtimemins: "127"
  genres: Documentary, History
  numvotes: "606"
  releasedate: "2017-02-11"
  daterated: "2018-05-25"
- name: Loving Vincent
  directors: DK Welchman, Hugh Welchman
  year: "2017"
  yourrating: "10"
  url: https://www.imdb.com/title/tt3262342/
  position: "2"
  const: tt3262342
  created: "2018-01-20"
  modified: "2018-01-20"
  description: ""
  titletype: movie
  imdbrating: "7.8"
  runtimemins: "94"
  genres: Animation, Drama, Mystery
  numvotes: "62477"
  releasedate: "2017-06-12"
  daterated: "2018-01-20"
- name: T2 Trainspotting
  directors: Danny Boyle
  year: "2017"
  yourrating: "9"
  url: https://www.imdb.com/title/tt2763304/
  position: "3"
  const: tt2763304
  created: "2018-01-16"
  modified: "2018-01-16"
  description: ""
  titletype: movie
  imdbrating: "7.2"
  runtimemins: "117"
  genres: Comedy, Crime, Drama
  numvotes: "131395"
  releasedate: "2017-01-22"
  daterated: "2017-05-28"
