- name: Hable con ella
  directors: Pedro Almod√≥var
  year: "2002"
  yourrating: "10"
  imdbrating: "7.9"
  url: https://www.imdb.com/title/tt0287467/
  const: tt0287467
  titletype: movie
  daterated: "2016-07-24"
  runtimemins: "112"
  genres: Drama, Mystery, Romance
  numvotes: "116629"
  releasedate: "2002-03-15"
- name: Il deserto rosso
  directors: Michelangelo Antonioni
  year: "1964"
  yourrating: "10"
  imdbrating: "7.5"
  url: https://www.imdb.com/title/tt0058003/
  const: tt0058003
  titletype: movie
  daterated: "2018-08-21"
  runtimemins: "117"
  genres: Drama
  numvotes: "17257"
  releasedate: "1964-09-07"
- name: Fa yeung nin wah
  directors: Kar-Wai Wong
  year: "2000"
  yourrating: "10"
  imdbrating: "8.1"
  url: https://www.imdb.com/title/tt0118694/
  const: tt0118694
  titletype: movie
  daterated: "2021-05-16"
  runtimemins: "98"
  genres: Drama, Romance
  numvotes: "163252"
  releasedate: "2000-05-20"
