- name: No Intenso Agora
  directors: Jo√£o Moreira Salles
  year: "2017"
  yourrating: "10"
  url: https://www.imdb.com/title/tt6532954/
- name: Loving Vincent
  directors: DK Welchman, Hugh Welchman
  year: "2017"
  yourrating: "10"
  url: https://www.imdb.com/title/tt3262342/
- name: T2 Trainspotting
  directors: Danny Boyle
  year: "2017"
  yourrating: "9"
  url: https://www.imdb.com/title/tt2763304/
