- name: Red Desert
  originalname: Il deserto rosso
  directors: Michelangelo Antonioni
  year: "1964"
  yourrating: "2018-08-21"
  imdbrating: "7.4"
  url: https://www.imdb.com/title/tt0058003
- name: Talk to Her
  originalname: Hable con ella
  directors: Pedro Almod√≥var
  year: "2002"
  yourrating: "2016-07-24"
  imdbrating: "7.9"
  url: https://www.imdb.com/title/tt0287467
- name: In the Mood for Love
  originalname: Fa yeung nin wah
  directors: Kar-Wai Wong
  year: "2000"
  yourrating: "2021-05-16"
  imdbrating: "8.1"
  url: https://www.imdb.com/title/tt0118694
